
[7m[1m[36m RUN [39m[22m[27m [36mv1.6.1[39m [90mE:/Hidayat/Hidayat[39m

node : [90mstderr[2m | 
src/shared/DynamicForm/DynamicForm.test.jsx[2m > 
[22m[2mDynamicForm[2m > [22m[2mRequired Field Validation[2m > 
[22m[2mshould not show error for filled required field on 
submit[22m[39m
At line:1 char:1
+ node ./node_modules/vitest/vitest.mjs --run src/shared/DynamicForm/Dy 
...
+ ~~~~~~~~~~~~~~~~~~~~~~~~~~~~~~~~~~~~~~~~~~~~~~~~~~~~~~~~~~~~~~~~~~~~~
    + CategoryInfo          : NotSpecified: ([90mstderr[2m...ubmit[2 
   2m[39m:String) [], RemoteException
    + FullyQualifiedErrorId : NativeCommandError
 
Warning: An update to DynamicForm inside a test was not wrapped in 
act(...).

When testing, code that causes React state updates should be wrapped 
into act(...):

act(() => {
  /* fire events that update state */
});
/* assert on the output */

This ensures that you're testing the behavior the user would see in the 
browser. Learn more at https://reactjs.org/link/wrap-tests-with-act
    at DynamicForm 
(E:\Hidayat\Hidayat\src\shared\DynamicForm\DynamicForm.jsx:5:24)

[90mstderr[2m | src/shared/DynamicForm/DynamicForm.test.jsx[2m > 
[22m[2mDynamicForm[2m > [22m[2mRequired Field Validation[2m > 
[22m[2mshould not show error for filled required field on 
submit[22m[39m
Warning: An update to DynamicForm inside a test was not wrapped in 
act(...).

When testing, code that causes React state updates should be wrapped 
into act(...):

act(() => {
  /* fire events that update state */
});
/* assert on the output */

This ensures that you're testing the behavior the user would see in the 
browser. Learn more at https://reactjs.org/link/wrap-tests-with-act
    at DynamicForm 
(E:\Hidayat\Hidayat\src\shared\DynamicForm\DynamicForm.jsx:5:24)

[90mstderr[2m | src/shared/DynamicForm/DynamicForm.test.jsx[2m > 
[22m[2mDynamicForm[2m > [22m[2mRequired Field Validation[2m > 
[22m[2mshould not show error for filled required field on 
submit[22m[39m
Warning: An update to DynamicForm inside a test was not wrapped in 
act(...).

When testing, code that causes React state updates should be wrapped 
into act(...):

act(() => {
  /* fire events that update state */
});
/* assert on the output */

This ensures that you're testing the behavior the user would see in the 
browser. Learn more at https://reactjs.org/link/wrap-tests-with-act
    at DynamicForm 
(E:\Hidayat\Hidayat\src\shared\DynamicForm\DynamicForm.jsx:5:24)

[90mstderr[2m | src/shared/DynamicForm/DynamicForm.test.jsx[2m > 
[22m[2mDynamicForm[2m > [22m[2mRequired Field Validation[2m > 
[22m[2mshould not show error for filled required field on 
submit[22m[39m
Warning: An update to DynamicForm inside a test was not wrapped in 
act(...).

When testing, code that causes React state updates should be wrapped 
into act(...):

act(() => {
  /* fire events that update state */
});
/* assert on the output */

This ensures that you're testing the behavior the user would see in the 
browser. Learn more at https://reactjs.org/link/wrap-tests-with-act
    at DynamicForm 
(E:\Hidayat\Hidayat\src\shared\DynamicForm\DynamicForm.jsx:5:24)

[90mstderr[2m | src/shared/DynamicForm/DynamicForm.test.jsx[2m > 
[22m[2mDynamicForm[2m > [22m[2mRequired Field Validation[2m > 
[22m[2mshould not show error for filled required field on 
submit[22m[39m
Warning: An update to DynamicForm inside a test was not wrapped in 
act(...).

When testing, code that causes React state updates should be wrapped 
into act(...):

act(() => {
  /* fire events that update state */
});
/* assert on the output */

This ensures that you're testing the behavior the user would see in the 
browser. Learn more at https://reactjs.org/link/wrap-tests-with-act
    at DynamicForm 
(E:\Hidayat\Hidayat\src\shared\DynamicForm\DynamicForm.jsx:5:24)

[90mstderr[2m | src/shared/DynamicForm/DynamicForm.test.jsx[2m > 
[22m[2mDynamicForm[2m > [22m[2mRequired Field Validation[2m > 
[22m[2mshould not show error for filled required field on 
submit[22m[39m
Warning: An update to DynamicForm inside a test was not wrapped in 
act(...).

When testing, code that causes React state updates should be wrapped 
into act(...):

act(() => {
  /* fire events that update state */
});
/* assert on the output */

This ensures that you're testing the behavior the user would see in the 
browser. Learn more at https://reactjs.org/link/wrap-tests-with-act
    at DynamicForm 
(E:\Hidayat\Hidayat\src\shared\DynamicForm\DynamicForm.jsx:5:24)

[90mstderr[2m | src/shared/DynamicForm/DynamicForm.test.jsx[2m > 
[22m[2mDynamicForm[2m > [22m[2mRequired Field Validation[2m > 
[22m[2mshould not show error for filled required field on 
submit[22m[39m
Warning: An update to DynamicForm inside a test was not wrapped in 
act(...).

When testing, code that causes React state updates should be wrapped 
into act(...):

act(() => {
  /* fire events that update state */
});
/* assert on the output */

This ensures that you're testing the behavior the user would see in the 
browser. Learn more at https://reactjs.org/link/wrap-tests-with-act
    at DynamicForm 
(E:\Hidayat\Hidayat\src\shared\DynamicForm\DynamicForm.jsx:5:24)

[90mstderr[2m | src/shared/DynamicForm/DynamicForm.test.jsx[2m > 
[22m[2mDynamicForm[2m > [22m[2mRequired Field Validation[2m > 
[22m[2mshould not show error for filled required field on 
submit[22m[39m
Warning: An update to DynamicForm inside a test was not wrapped in 
act(...).

When testing, code that causes React state updates should be wrapped 
into act(...):

act(() => {
  /* fire events that update state */
});
/* assert on the output */

This ensures that you're testing the behavior the user would see in the 
browser. Learn more at https://reactjs.org/link/wrap-tests-with-act
    at DynamicForm 
(E:\Hidayat\Hidayat\src\shared\DynamicForm\DynamicForm.jsx:5:24)

[90mstderr[2m | src/shared/DynamicForm/DynamicForm.test.jsx[2m > 
[22m[2mDynamicForm[2m > [22m[2mRequired Field Validation[2m > 
[22m[2mshould clear error when user starts typing[22m[39m
Warning: An update to DynamicForm inside a test was not wrapped in 
act(...).

When testing, code that causes React state updates should be wrapped 
into act(...):

act(() => {
  /* fire events that update state */
});
/* assert on the output */

This ensures that you're testing the behavior the user would see in the 
browser. Learn more at https://reactjs.org/link/wrap-tests-with-act
    at DynamicForm 
(E:\Hidayat\Hidayat\src\shared\DynamicForm\DynamicForm.jsx:5:24)
Warning: An update to DynamicForm inside a test was not wrapped in 
act(...).

When testing, code that causes React state updates should be wrapped 
into act(...):

act(() => {
  /* fire events that update state */
});
/* assert on the output */

This ensures that you're testing the behavior the user would see in the 
browser. Learn more at https://reactjs.org/link/wrap-tests-with-act
    at DynamicForm 
(E:\Hidayat\Hidayat\src\shared\DynamicForm\DynamicForm.jsx:5:24)

[90mstderr[2m | src/shared/DynamicForm/DynamicForm.test.jsx[2m > 
[22m[2mDynamicForm[2m > [22m[2mField Validation Rules[2m > 
[22m[2mshould validate number field min constraint[22m[39m
Warning: An update to DynamicForm inside a test was not wrapped in 
act(...).

When testing, code that causes React state updates should be wrapped 
into act(...):

act(() => {
  /* fire events that update state */
});
/* assert on the output */

This ensures that you're testing the behavior the user would see in the 
browser. Learn more at https://reactjs.org/link/wrap-tests-with-act
    at DynamicForm 
(E:\Hidayat\Hidayat\src\shared\DynamicForm\DynamicForm.jsx:5:24)

[90mstderr[2m | src/shared/DynamicForm/DynamicForm.test.jsx[2m > 
[22m[2mDynamicForm[2m > [22m[2mField Validation Rules[2m > 
[22m[2mshould validate number field min constraint[22m[39m
Warning: An update to DynamicForm inside a test was not wrapped in 
act(...).

When testing, code that causes React state updates should be wrapped 
into act(...):

act(() => {
  /* fire events that update state */
});
/* assert on the output */

This ensures that you're testing the behavior the user would see in the 
browser. Learn more at https://reactjs.org/link/wrap-tests-with-act
    at DynamicForm 
(E:\Hidayat\Hidayat\src\shared\DynamicForm\DynamicForm.jsx:5:24)

[90mstderr[2m | src/shared/DynamicForm/DynamicForm.test.jsx[2m > 
[22m[2mDynamicForm[2m > [22m[2mField Validation Rules[2m > 
[22m[2mshould validate number field max constraint[22m[39m
Warning: An update to DynamicForm inside a test was not wrapped in 
act(...).

When testing, code that causes React state updates should be wrapped 
into act(...):

act(() => {
  /* fire events that update state */
});
/* assert on the output */

This ensures that you're testing the behavior the user would see in the 
browser. Learn more at https://reactjs.org/link/wrap-tests-with-act
    at DynamicForm 
(E:\Hidayat\Hidayat\src\shared\DynamicForm\DynamicForm.jsx:5:24)

[90mstderr[2m | src/shared/DynamicForm/DynamicForm.test.jsx[2m > 
[22m[2mDynamicForm[2m > [22m[2mField Validation Rules[2m > 
[22m[2mshould validate number field max constraint[22m[39m
Warning: An update to DynamicForm inside a test was not wrapped in 
act(...).

When testing, code that causes React state updates should be wrapped 
into act(...):

act(() => {
  /* fire events that update state */
});
/* assert on the output */

This ensures that you're testing the behavior the user would see in the 
browser. Learn more at https://reactjs.org/link/wrap-tests-with-act
    at DynamicForm 
(E:\Hidayat\Hidayat\src\shared\DynamicForm\DynamicForm.jsx:5:24)

[90mstderr[2m | src/shared/DynamicForm/DynamicForm.test.jsx[2m > 
[22m[2mDynamicForm[2m > [22m[2mField Validation Rules[2m > 
[22m[2mshould validate number field max constraint[22m[39m
Warning: An update to DynamicForm inside a test was not wrapped in 
act(...).

When testing, code that causes React state updates should be wrapped 
into act(...):

act(() => {
  /* fire events that update state */
});
/* assert on the output */

This ensures that you're testing the behavior the user would see in the 
browser. Learn more at https://reactjs.org/link/wrap-tests-with-act
    at DynamicForm 
(E:\Hidayat\Hidayat\src\shared\DynamicForm\DynamicForm.jsx:5:24)

[90mstderr[2m | src/shared/DynamicForm/DynamicForm.test.jsx[2m > 
[22m[2mDynamicForm[2m > [22m[2mField Validation Rules[2m > 
[22m[2mshould validate text field pattern constraint[22m[39m
Warning: An update to DynamicForm inside a test was not wrapped in 
act(...).

When testing, code that causes React state updates should be wrapped 
into act(...):

act(() => {
  /* fire events that update state */
});
/* assert on the output */

This ensures that you're testing the behavior the user would see in the 
browser. Learn more at https://reactjs.org/link/wrap-tests-with-act
    at DynamicForm 
(E:\Hidayat\Hidayat\src\shared\DynamicForm\DynamicForm.jsx:5:24)

[90mstderr[2m | src/shared/DynamicForm/DynamicForm.test.jsx[2m > 
[22m[2mDynamicForm[2m > [22m[2mField Validation Rules[2m > 
[22m[2mshould validate text field pattern constraint[22m[39m
Warning: An update to DynamicForm inside a test was not wrapped in 
act(...).

When testing, code that causes React state updates should be wrapped 
into act(...):

act(() => {
  /* fire events that update state */
});
/* assert on the output */

This ensures that you're testing the behavior the user would see in the 
browser. Learn more at https://reactjs.org/link/wrap-tests-with-act
    at DynamicForm 
(E:\Hidayat\Hidayat\src\shared\DynamicForm\DynamicForm.jsx:5:24)

[90mstderr[2m | src/shared/DynamicForm/DynamicForm.test.jsx[2m > 
[22m[2mDynamicForm[2m > [22m[2mField Validation Rules[2m > 
[22m[2mshould validate text field pattern constraint[22m[39m
Warning: An update to DynamicForm inside a test was not wrapped in 
act(...).

When testing, code that causes React state updates should be wrapped 
into act(...):

act(() => {
  /* fire events that update state */
});
/* assert on the output */

This ensures that you're testing the behavior the user would see in the 
browser. Learn more at https://reactjs.org/link/wrap-tests-with-act
    at DynamicForm 
(E:\Hidayat\Hidayat\src\shared\DynamicForm\DynamicForm.jsx:5:24)

[90mstderr[2m | src/shared/DynamicForm/DynamicForm.test.jsx[2m > 
[22m[2mDynamicForm[2m > [22m[2mField Validation Rules[2m > 
[22m[2mshould validate text field pattern constraint[22m[39m
Warning: An update to DynamicForm inside a test was not wrapped in 
act(...).

When testing, code that causes React state updates should be wrapped 
into act(...):

act(() => {
  /* fire events that update state */
});
/* assert on the output */

This ensures that you're testing the behavior the user would see in the 
browser. Learn more at https://reactjs.org/link/wrap-tests-with-act
    at DynamicForm 
(E:\Hidayat\Hidayat\src\shared\DynamicForm\DynamicForm.jsx:5:24)

[90mstderr[2m | src/shared/DynamicForm/DynamicForm.test.jsx[2m > 
[22m[2mDynamicForm[2m > [22m[2mField Validation Rules[2m > 
[22m[2mshould validate text field pattern constraint[22m[39m
Warning: An update to DynamicForm inside a test was not wrapped in 
act(...).

When testing, code that causes React state updates should be wrapped 
into act(...):

act(() => {
  /* fire events that update state */
});
/* assert on the output */

This ensures that you're testing the behavior the user would see in the 
browser. Learn more at https://reactjs.org/link/wrap-tests-with-act
    at DynamicForm 
(E:\Hidayat\Hidayat\src\shared\DynamicForm\DynamicForm.jsx:5:24)

[90mstderr[2m | src/shared/DynamicForm/DynamicForm.test.jsx[2m > 
[22m[2mDynamicForm[2m > [22m[2mField Validation Rules[2m > 
[22m[2mshould validate text field pattern constraint[22m[39m
Warning: An update to DynamicForm inside a test was not wrapped in 
act(...).

When testing, code that causes React state updates should be wrapped 
into act(...):

act(() => {
  /* fire events that update state */
});
/* assert on the output */

This ensures that you're testing the behavior the user would see in the 
browser. Learn more at https://reactjs.org/link/wrap-tests-with-act
    at DynamicForm 
(E:\Hidayat\Hidayat\src\shared\DynamicForm\DynamicForm.jsx:5:24)

[90mstderr[2m | src/shared/DynamicForm/DynamicForm.test.jsx[2m > 
[22m[2mDynamicForm[2m > [22m[2mField Validation Rules[2m > 
[22m[2mshould validate text field pattern constraint[22m[39m
Warning: An update to DynamicForm inside a test was not wrapped in 
act(...).

When testing, code that causes React state updates should be wrapped 
into act(...):

act(() => {
  /* fire events that update state */
});
/* assert on the output */

This ensures that you're testing the behavior the user would see in the 
browser. Learn more at https://reactjs.org/link/wrap-tests-with-act
    at DynamicForm 
(E:\Hidayat\Hidayat\src\shared\DynamicForm\DynamicForm.jsx:5:24)

[90mstderr[2m | src/shared/DynamicForm/DynamicForm.test.jsx[2m > 
[22m[2mDynamicForm[2m > [22m[2mField Validation Rules[2m > 
[22m[2mshould validate text field pattern constraint[22m[39m
Warning: An update to DynamicForm inside a test was not wrapped in 
act(...).

When testing, code that causes React state updates should be wrapped 
into act(...):

act(() => {
  /* fire events that update state */
});
/* assert on the output */

This ensures that you're testing the behavior the user would see in the 
browser. Learn more at https://reactjs.org/link/wrap-tests-with-act
    at DynamicForm 
(E:\Hidayat\Hidayat\src\shared\DynamicForm\DynamicForm.jsx:5:24)

[90mstderr[2m | src/shared/DynamicForm/DynamicForm.test.jsx[2m > 
[22m[2mDynamicForm[2m > [22m[2mField Validation Rules[2m > 
[22m[2mshould validate text field pattern constraint[22m[39m
Warning: An update to DynamicForm inside a test was not wrapped in 
act(...).

When testing, code that causes React state updates should be wrapped 
into act(...):

act(() => {
  /* fire events that update state */
});
/* assert on the output */

This ensures that you're testing the behavior the user would see in the 
browser. Learn more at https://reactjs.org/link/wrap-tests-with-act
    at DynamicForm 
(E:\Hidayat\Hidayat\src\shared\DynamicForm\DynamicForm.jsx:5:24)

[90mstderr[2m | src/shared/DynamicForm/DynamicForm.test.jsx[2m > 
[22m[2mDynamicForm[2m > [22m[2mField Validation Rules[2m > 
[22m[2mshould validate text field pattern constraint[22m[39m
Warning: An update to DynamicForm inside a test was not wrapped in 
act(...).

When testing, code that causes React state updates should be wrapped 
into act(...):

act(() => {
  /* fire events that update state */
});
/* assert on the output */

This ensures that you're testing the behavior the user would see in the 
browser. Learn more at https://reactjs.org/link/wrap-tests-with-act
    at DynamicForm 
(E:\Hidayat\Hidayat\src\shared\DynamicForm\DynamicForm.jsx:5:24)

[90mstderr[2m | src/shared/DynamicForm/DynamicForm.test.jsx[2m > 
[22m[2mDynamicForm[2m > [22m[2mField Validation Rules[2m > 
[22m[2mshould validate text field pattern constraint[22m[39m
Warning: An update to DynamicForm inside a test was not wrapped in 
act(...).

When testing, code that causes React state updates should be wrapped 
into act(...):

act(() => {
  /* fire events that update state */
});
/* assert on the output */

This ensures that you're testing the behavior the user would see in the 
browser. Learn more at https://reactjs.org/link/wrap-tests-with-act
    at DynamicForm 
(E:\Hidayat\Hidayat\src\shared\DynamicForm\DynamicForm.jsx:5:24)

[90mstderr[2m | src/shared/DynamicForm/DynamicForm.test.jsx[2m > 
[22m[2mDynamicForm[2m > [22m[2mField Validation Rules[2m > 
[22m[2mshould validate text field pattern constraint[22m[39m
Warning: An update to DynamicForm inside a test was not wrapped in 
act(...).

When testing, code that causes React state updates should be wrapped 
into act(...):

act(() => {
  /* fire events that update state */
});
/* assert on the output */

This ensures that you're testing the behavior the user would see in the 
browser. Learn more at https://reactjs.org/link/wrap-tests-with-act
    at DynamicForm 
(E:\Hidayat\Hidayat\src\shared\DynamicForm\DynamicForm.jsx:5:24)

[90mstderr[2m | src/shared/DynamicForm/DynamicForm.test.jsx[2m > 
[22m[2mDynamicForm[2m > [22m[2mField Validation Rules[2m > 
[22m[2mshould validate text field pattern constraint[22m[39m
Warning: An update to DynamicForm inside a test was not wrapped in 
act(...).

When testing, code that causes React state updates should be wrapped 
into act(...):

act(() => {
  /* fire events that update state */
});
/* assert on the output */

This ensures that you're testing the behavior the user would see in the 
browser. Learn more at https://reactjs.org/link/wrap-tests-with-act
    at DynamicForm 
(E:\Hidayat\Hidayat\src\shared\DynamicForm\DynamicForm.jsx:5:24)

[90mstderr[2m | src/shared/DynamicForm/DynamicForm.test.jsx[2m > 
[22m[2mDynamicForm[2m > [22m[2mField Validation Rules[2m > 
[22m[2mshould pass validation with valid pattern[22m[39m
Warning: An update to DynamicForm inside a test was not wrapped in 
act(...).

When testing, code that causes React state updates should be wrapped 
into act(...):

act(() => {
  /* fire events that update state */
});
/* assert on the output */

This ensures that you're testing the behavior the user would see in the 
browser. Learn more at https://reactjs.org/link/wrap-tests-with-act
    at DynamicForm 
(E:\Hidayat\Hidayat\src\shared\DynamicForm\DynamicForm.jsx:5:24)

[90mstderr[2m | src/shared/DynamicForm/DynamicForm.test.jsx[2m > 
[22m[2mDynamicForm[2m > [22m[2mField Validation Rules[2m > 
[22m[2mshould pass validation with valid pattern[22m[39m
Warning: An update to DynamicForm inside a test was not wrapped in 
act(...).

When testing, code that causes React state updates should be wrapped 
into act(...):

act(() => {
  /* fire events that update state */
});
/* assert on the output */

This ensures that you're testing the behavior the user would see in the 
browser. Learn more at https://reactjs.org/link/wrap-tests-with-act
    at DynamicForm 
(E:\Hidayat\Hidayat\src\shared\DynamicForm\DynamicForm.jsx:5:24)

[90mstderr[2m | src/shared/DynamicForm/DynamicForm.test.jsx[2m > 
[22m[2mDynamicForm[2m > [22m[2mField Validation Rules[2m > 
[22m[2mshould pass validation with valid pattern[22m[39m
Warning: An update to DynamicForm inside a test was not wrapped in 
act(...).

When testing, code that causes React state updates should be wrapped 
into act(...):

act(() => {
  /* fire events that update state */
});
/* assert on the output */

This ensures that you're testing the behavior the user would see in the 
browser. Learn more at https://reactjs.org/link/wrap-tests-with-act
    at DynamicForm 
(E:\Hidayat\Hidayat\src\shared\DynamicForm\DynamicForm.jsx:5:24)

[90mstderr[2m | src/shared/DynamicForm/DynamicForm.test.jsx[2m > 
[22m[2mDynamicForm[2m > [22m[2mField Validation Rules[2m > 
[22m[2mshould pass validation with valid pattern[22m[39m
Warning: An update to DynamicForm inside a test was not wrapped in 
act(...).

When testing, code that causes React state updates should be wrapped 
into act(...):

act(() => {
  /* fire events that update state */
});
/* assert on the output */

This ensures that you're testing the behavior the user would see in the 
browser. Learn more at https://reactjs.org/link/wrap-tests-with-act
    at DynamicForm 
(E:\Hidayat\Hidayat\src\shared\DynamicForm\DynamicForm.jsx:5:24)

[90mstderr[2m | src/shared/DynamicForm/DynamicForm.test.jsx[2m > 
[22m[2mDynamicForm[2m > [22m[2mField Validation Rules[2m > 
[22m[2mshould pass validation with valid pattern[22m[39m
Warning: An update to DynamicForm inside a test was not wrapped in 
act(...).

When testing, code that causes React state updates should be wrapped 
into act(...):

act(() => {
  /* fire events that update state */
});
/* assert on the output */

This ensures that you're testing the behavior the user would see in the 
browser. Learn more at https://reactjs.org/link/wrap-tests-with-act
    at DynamicForm 
(E:\Hidayat\Hidayat\src\shared\DynamicForm\DynamicForm.jsx:5:24)

[90mstderr[2m | src/shared/DynamicForm/DynamicForm.test.jsx[2m > 
[22m[2mDynamicForm[2m > [22m[2mField Validation Rules[2m > 
[22m[2mshould pass validation with valid pattern[22m[39m
Warning: An update to DynamicForm inside a test was not wrapped in 
act(...).

When testing, code that causes React state updates should be wrapped 
into act(...):

act(() => {
  /* fire events that update state */
});
/* assert on the output */

This ensures that you're testing the behavior the user would see in the 
browser. Learn more at https://reactjs.org/link/wrap-tests-with-act
    at DynamicForm 
(E:\Hidayat\Hidayat\src\shared\DynamicForm\DynamicForm.jsx:5:24)

[90mstderr[2m | src/shared/DynamicForm/DynamicForm.test.jsx[2m > 
[22m[2mDynamicForm[2m > [22m[2mField Validation Rules[2m > 
[22m[2mshould pass validation with valid pattern[22m[39m
Warning: An update to DynamicForm inside a test was not wrapped in 
act(...).

When testing, code that causes React state updates should be wrapped 
into act(...):

act(() => {
  /* fire events that update state */
});
/* assert on the output */

This ensures that you're testing the behavior the user would see in the 
browser. Learn more at https://reactjs.org/link/wrap-tests-with-act
    at DynamicForm 
(E:\Hidayat\Hidayat\src\shared\DynamicForm\DynamicForm.jsx:5:24)

[90mstderr[2m | src/shared/DynamicForm/DynamicForm.test.jsx[2m > 
[22m[2mDynamicForm[2m > [22m[2mField Validation Rules[2m > 
[22m[2mshould pass validation with valid pattern[22m[39m
Warning: An update to DynamicForm inside a test was not wrapped in 
act(...).

When testing, code that causes React state updates should be wrapped 
into act(...):

act(() => {
  /* fire events that update state */
});
/* assert on the output */

This ensures that you're testing the behavior the user would see in the 
browser. Learn more at https://reactjs.org/link/wrap-tests-with-act
    at DynamicForm 
(E:\Hidayat\Hidayat\src\shared\DynamicForm\DynamicForm.jsx:5:24)

[90mstderr[2m | src/shared/DynamicForm/DynamicForm.test.jsx[2m > 
[22m[2mDynamicForm[2m > [22m[2mField Validation Rules[2m > 
[22m[2mshould pass validation with valid pattern[22m[39m
Warning: An update to DynamicForm inside a test was not wrapped in 
act(...).

When testing, code that causes React state updates should be wrapped 
into act(...):

act(() => {
  /* fire events that update state */
});
/* assert on the output */

This ensures that you're testing the behavior the user would see in the 
browser. Learn more at https://reactjs.org/link/wrap-tests-with-act
    at DynamicForm 
(E:\Hidayat\Hidayat\src\shared\DynamicForm\DynamicForm.jsx:5:24)

[90mstderr[2m | src/shared/DynamicForm/DynamicForm.test.jsx[2m > 
[22m[2mDynamicForm[2m > [22m[2mField Validation Rules[2m > 
[22m[2mshould pass validation with valid pattern[22m[39m
Warning: An update to DynamicForm inside a test was not wrapped in 
act(...).

When testing, code that causes React state updates should be wrapped 
into act(...):

act(() => {
  /* fire events that update state */
});
/* assert on the output */

This ensures that you're testing the behavior the user would see in the 
browser. Learn more at https://reactjs.org/link/wrap-tests-with-act
    at DynamicForm 
(E:\Hidayat\Hidayat\src\shared\DynamicForm\DynamicForm.jsx:5:24)

[90mstderr[2m | src/shared/DynamicForm/DynamicForm.test.jsx[2m > 
[22m[2mDynamicForm[2m > [22m[2mField Validation Rules[2m > 
[22m[2mshould pass validation with valid pattern[22m[39m
Warning: An update to DynamicForm inside a test was not wrapped in 
act(...).

When testing, code that causes React state updates should be wrapped 
into act(...):

act(() => {
  /* fire events that update state */
});
/* assert on the output */

This ensures that you're testing the behavior the user would see in the 
browser. Learn more at https://reactjs.org/link/wrap-tests-with-act
    at DynamicForm 
(E:\Hidayat\Hidayat\src\shared\DynamicForm\DynamicForm.jsx:5:24)

[90mstderr[2m | src/shared/DynamicForm/DynamicForm.test.jsx[2m > 
[22m[2mDynamicForm[2m > [22m[2mField Validation Rules[2m > 
[22m[2mshould pass validation with valid pattern[22m[39m
Warning: An update to DynamicForm inside a test was not wrapped in 
act(...).

When testing, code that causes React state updates should be wrapped 
into act(...):

act(() => {
  /* fire events that update state */
});
/* assert on the output */

This ensures that you're testing the behavior the user would see in the 
browser. Learn more at https://reactjs.org/link/wrap-tests-with-act
    at DynamicForm 
(E:\Hidayat\Hidayat\src\shared\DynamicForm\DynamicForm.jsx:5:24)

[90mstderr[2m | src/shared/DynamicForm/DynamicForm.test.jsx[2m > 
[22m[2mDynamicForm[2m > [22m[2mField Validation Rules[2m > 
[22m[2mshould pass validation with valid pattern[22m[39m
Warning: An update to DynamicForm inside a test was not wrapped in 
act(...).

When testing, code that causes React state updates should be wrapped 
into act(...):

act(() => {
  /* fire events that update state */
});
/* assert on the output */

This ensures that you're testing the behavior the user would see in the 
browser. Learn more at https://reactjs.org/link/wrap-tests-with-act
    at DynamicForm 
(E:\Hidayat\Hidayat\src\shared\DynamicForm\DynamicForm.jsx:5:24)

[90mstderr[2m | src/shared/DynamicForm/DynamicForm.test.jsx[2m > 
[22m[2mDynamicForm[2m > [22m[2mField Validation Rules[2m > 
[22m[2mshould pass validation with valid pattern[22m[39m
Warning: An update to DynamicForm inside a test was not wrapped in 
act(...).

When testing, code that causes React state updates should be wrapped 
into act(...):

act(() => {
  /* fire events that update state */
});
/* assert on the output */

This ensures that you're testing the behavior the user would see in the 
browser. Learn more at https://reactjs.org/link/wrap-tests-with-act
    at DynamicForm 
(E:\Hidayat\Hidayat\src\shared\DynamicForm\DynamicForm.jsx:5:24)

[90mstderr[2m | src/shared/DynamicForm/DynamicForm.test.jsx[2m > 
[22m[2mDynamicForm[2m > [22m[2mField Validation Rules[2m > 
[22m[2mshould pass validation with valid pattern[22m[39m
Warning: An update to DynamicForm inside a test was not wrapped in 
act(...).

When testing, code that causes React state updates should be wrapped 
into act(...):

act(() => {
  /* fire events that update state */
});
/* assert on the output */

This ensures that you're testing the behavior the user would see in the 
browser. Learn more at https://reactjs.org/link/wrap-tests-with-act
    at DynamicForm 
(E:\Hidayat\Hidayat\src\shared\DynamicForm\DynamicForm.jsx:5:24)

[90mstderr[2m | src/shared/DynamicForm/DynamicForm.test.jsx[2m > 
[22m[2mDynamicForm[2m > [22m[2mField Validation Rules[2m > 
[22m[2mshould pass validation with valid pattern[22m[39m
Warning: An update to DynamicForm inside a test was not wrapped in 
act(...).

When testing, code that causes React state updates should be wrapped 
into act(...):

act(() => {
  /* fire events that update state */
});
/* assert on the output */

This ensures that you're testing the behavior the user would see in the 
browser. Learn more at https://reactjs.org/link/wrap-tests-with-act
    at DynamicForm 
(E:\Hidayat\Hidayat\src\shared\DynamicForm\DynamicForm.jsx:5:24)

[90mstderr[2m | src/shared/DynamicForm/DynamicForm.test.jsx[2m > 
[22m[2mDynamicForm[2m > [22m[2mConditional Field Visibility[2m > 
[22m[2mshould show field when visibleWhen condition is met[22m[39m
Warning: An update to DynamicForm inside a test was not wrapped in 
act(...).

When testing, code that causes React state updates should be wrapped 
into act(...):

act(() => {
  /* fire events that update state */
});
/* assert on the output */

This ensures that you're testing the behavior the user would see in the 
browser. Learn more at https://reactjs.org/link/wrap-tests-with-act
    at DynamicForm 
(E:\Hidayat\Hidayat\src\shared\DynamicForm\DynamicForm.jsx:5:24)

[90mstderr[2m | src/shared/DynamicForm/DynamicForm.test.jsx[2m > 
[22m[2mDynamicForm[2m > [22m[2mConditional Field Visibility[2m > 
[22m[2mshould hide field again when condition becomes false[22m[39m
Warning: An update to DynamicForm inside a test was not wrapped in 
act(...).

When testing, code that causes React state updates should be wrapped 
into act(...):

act(() => {
  /* fire events that update state */
});
/* assert on the output */

This ensures that you're testing the behavior the user would see in the 
browser. Learn more at https://reactjs.org/link/wrap-tests-with-act
    at DynamicForm 
(E:\Hidayat\Hidayat\src\shared\DynamicForm\DynamicForm.jsx:5:24)

[90mstderr[2m | src/shared/DynamicForm/DynamicForm.test.jsx[2m > 
[22m[2mDynamicForm[2m > [22m[2mConditional Field Visibility[2m > 
[22m[2mshould hide field again when condition becomes false[22m[39m
Warning: An update to DynamicForm inside a test was not wrapped in 
act(...).

When testing, code that causes React state updates should be wrapped 
into act(...):

act(() => {
  /* fire events that update state */
});
/* assert on the output */

This ensures that you're testing the behavior the user would see in the 
browser. Learn more at https://reactjs.org/link/wrap-tests-with-act
    at DynamicForm 
(E:\Hidayat\Hidayat\src\shared\DynamicForm\DynamicForm.jsx:5:24)

[90mstderr[2m | src/shared/DynamicForm/DynamicForm.test.jsx[2m > 
[22m[2mDynamicForm[2m > [22m[2mConditional Field Visibility[2m > 
[22m[2mshould not include hidden fields in form submission[22m[39m
Warning: An update to DynamicForm inside a test was not wrapped in 
act(...).

When testing, code that causes React state updates should be wrapped 
into act(...):

act(() => {
  /* fire events that update state */
});
/* assert on the output */

This ensures that you're testing the behavior the user would see in the 
browser. Learn more at https://reactjs.org/link/wrap-tests-with-act
    at DynamicForm 
(E:\Hidayat\Hidayat\src\shared\DynamicForm\DynamicForm.jsx:5:24)

[90mstderr[2m | src/shared/DynamicForm/DynamicForm.test.jsx[2m > 
[22m[2mDynamicForm[2m > [22m[2mSchema Version Tracking[2m > 
[22m[2mshould include schema version in submission payload[22m[39m
Warning: An update to DynamicForm inside a test was not wrapped in 
act(...).

When testing, code that causes React state updates should be wrapped 
into act(...):

act(() => {
  /* fire events that update state */
});
/* assert on the output */

This ensures that you're testing the behavior the user would see in the 
browser. Learn more at https://reactjs.org/link/wrap-tests-with-act
    at DynamicForm 
(E:\Hidayat\Hidayat\src\shared\DynamicForm\DynamicForm.jsx:5:24)

[90mstderr[2m | src/shared/DynamicForm/DynamicForm.test.jsx[2m > 
[22m[2mDynamicForm[2m > [22m[2mSchema Version Tracking[2m > 
[22m[2mshould include schema version in submission payload[22m[39m
Warning: An update to DynamicForm inside a test was not wrapped in 
act(...).

When testing, code that causes React state updates should be wrapped 
into act(...):

act(() => {
  /* fire events that update state */
});
/* assert on the output */

This ensures that you're testing the behavior the user would see in the 
browser. Learn more at https://reactjs.org/link/wrap-tests-with-act
    at DynamicForm 
(E:\Hidayat\Hidayat\src\shared\DynamicForm\DynamicForm.jsx:5:24)

[90mstderr[2m | src/shared/DynamicForm/DynamicForm.test.jsx[2m > 
[22m[2mDynamicForm[2m > [22m[2mSchema Version Tracking[2m > 
[22m[2mshould include schema version in submission payload[22m[39m
Warning: An update to DynamicForm inside a test was not wrapped in 
act(...).

When testing, code that causes React state updates should be wrapped 
into act(...):

act(() => {
  /* fire events that update state */
});
/* assert on the output */

This ensures that you're testing the behavior the user would see in the 
browser. Learn more at https://reactjs.org/link/wrap-tests-with-act
    at DynamicForm 
(E:\Hidayat\Hidayat\src\shared\DynamicForm\DynamicForm.jsx:5:24)

[90mstderr[2m | src/shared/DynamicForm/DynamicForm.test.jsx[2m > 
[22m[2mDynamicForm[2m > [22m[2mSchema Version Tracking[2m > 
[22m[2mshould include schema version in submission payload[22m[39m
Warning: An update to DynamicForm inside a test was not wrapped in 
act(...).

When testing, code that causes React state updates should be wrapped 
into act(...):

act(() => {
  /* fire events that update state */
});
/* assert on the output */

This ensures that you're testing the behavior the user would see in the 
browser. Learn more at https://reactjs.org/link/wrap-tests-with-act
    at DynamicForm 
(E:\Hidayat\Hidayat\src\shared\DynamicForm\DynamicForm.jsx:5:24)

[90mstderr[2m | src/shared/DynamicForm/DynamicForm.test.jsx[2m > 
[22m[2mDynamicForm[2m > [22m[2mSchema Version Tracking[2m > 
[22m[2mshould include schema version in submission payload[22m[39m
Warning: An update to DynamicForm inside a test was not wrapped in 
act(...).

When testing, code that causes React state updates should be wrapped 
into act(...):

act(() => {
  /* fire events that update state */
});
/* assert on the output */

This ensures that you're testing the behavior the user would see in the 
browser. Learn more at https://reactjs.org/link/wrap-tests-with-act
    at DynamicForm 
(E:\Hidayat\Hidayat\src\shared\DynamicForm\DynamicForm.jsx:5:24)

[90mstderr[2m | src/shared/DynamicForm/DynamicForm.test.jsx[2m > 
[22m[2mDynamicForm[2m > [22m[2mSchema Version Tracking[2m > 
[22m[2mshould include schema version in submission payload[22m[39m
Warning: An update to DynamicForm inside a test was not wrapped in 
act(...).

When testing, code that causes React state updates should be wrapped 
into act(...):

act(() => {
  /* fire events that update state */
});
/* assert on the output */

This ensures that you're testing the behavior the user would see in the 
browser. Learn more at https://reactjs.org/link/wrap-tests-with-act
    at DynamicForm 
(E:\Hidayat\Hidayat\src\shared\DynamicForm\DynamicForm.jsx:5:24)

[90mstderr[2m | src/shared/DynamicForm/DynamicForm.test.jsx[2m > 
[22m[2mDynamicForm[2m > [22m[2mSchema Version Tracking[2m > 
[22m[2mshould include schema version in submission payload[22m[39m
Warning: An update to DynamicForm inside a test was not wrapped in 
act(...).

When testing, code that causes React state updates should be wrapped 
into act(...):

act(() => {
  /* fire events that update state */
});
/* assert on the output */

This ensures that you're testing the behavior the user would see in the 
browser. Learn more at https://reactjs.org/link/wrap-tests-with-act
    at DynamicForm 
(E:\Hidayat\Hidayat\src\shared\DynamicForm\DynamicForm.jsx:5:24)

[90mstderr[2m | src/shared/DynamicForm/DynamicForm.test.jsx[2m > 
[22m[2mDynamicForm[2m > [22m[2mSchema Version Tracking[2m > 
[22m[2mshould include schema version in submission payload[22m[39m
Warning: An update to DynamicForm inside a test was not wrapped in 
act(...).

When testing, code that causes React state updates should be wrapped 
into act(...):

act(() => {
  /* fire events that update state */
});
/* assert on the output */

This ensures that you're testing the behavior the user would see in the 
browser. Learn more at https://reactjs.org/link/wrap-tests-with-act
    at DynamicForm 
(E:\Hidayat\Hidayat\src\shared\DynamicForm\DynamicForm.jsx:5:24)

[90mstderr[2m | src/shared/DynamicForm/DynamicForm.test.jsx[2m > 
[22m[2mDynamicForm[2m > [22m[2mMulti-Select Field[2m > 
[22m[2mshould handle multi-select value changes[22m[39m
Warning: An update to DynamicForm inside a test was not wrapped in 
act(...).

When testing, code that causes React state updates should be wrapped 
into act(...):

act(() => {
  /* fire events that update state */
});
/* assert on the output */

This ensures that you're testing the behavior the user would see in the 
browser. Learn more at https://reactjs.org/link/wrap-tests-with-act
    at DynamicForm 
(E:\Hidayat\Hidayat\src\shared\DynamicForm\DynamicForm.jsx:5:24)

[90mstderr[2m | src/shared/DynamicForm/DynamicForm.test.jsx[2m > 
[22m[2mDynamicForm[2m > [22m[2mMulti-Select Field[2m > 
[22m[2mshould handle multi-select value changes[22m[39m
Warning: An update to DynamicForm inside a test was not wrapped in 
act(...).

When testing, code that causes React state updates should be wrapped 
into act(...):

act(() => {
  /* fire events that update state */
});
/* assert on the output */

This ensures that you're testing the behavior the user would see in the 
browser. Learn more at https://reactjs.org/link/wrap-tests-with-act
    at DynamicForm 
(E:\Hidayat\Hidayat\src\shared\DynamicForm\DynamicForm.jsx:5:24)

[90mstderr[2m | src/shared/DynamicForm/DynamicForm.test.jsx[2m > 
[22m[2mDynamicForm[2m > [22m[2mFile Upload Field[2m > 
[22m[2mshould handle file upload[22m[39m
Warning: An update to DynamicForm inside a test was not wrapped in 
act(...).

When testing, code that causes React state updates should be wrapped 
into act(...):

act(() => {
  /* fire events that update state */
});
/* assert on the output */

This ensures that you're testing the behavior the user would see in the 
browser. Learn more at https://reactjs.org/link/wrap-tests-with-act
    at DynamicForm 
(E:\Hidayat\Hidayat\src\shared\DynamicForm\DynamicForm.jsx:5:24)
Warning: An update to DynamicForm inside a test was not wrapped in 
act(...).

When testing, code that causes React state updates should be wrapped 
into act(...):

act(() => {
  /* fire events that update state */
});
/* assert on the output */

This ensures that you're testing the behavior the user would see in the 
browser. Learn more at https://reactjs.org/link/wrap-tests-with-act
    at DynamicForm 
(E:\Hidayat\Hidayat\src\shared\DynamicForm\DynamicForm.jsx:5:24)
Warning: An update to DynamicForm inside a test was not wrapped in 
act(...).

When testing, code that causes React state updates should be wrapped 
into act(...):

act(() => {
  /* fire events that update state */
});
/* assert on the output */

This ensures that you're testing the behavior the user would see in the 
browser. Learn more at https://reactjs.org/link/wrap-tests-with-act
    at DynamicForm 
(E:\Hidayat\Hidayat\src\shared\DynamicForm\DynamicForm.jsx:5:24)

[90mstderr[2m | src/shared/DynamicForm/DynamicForm.test.jsx[2m > 
[22m[2mDynamicForm[2m > [22m[2mBoolean Field[2m > [22m[2mshould 
handle boolean checkbox toggle[22m[39m
Warning: An update to DynamicForm inside a test was not wrapped in 
act(...).

When testing, code that causes React state updates should be wrapped 
into act(...):

act(() => {
  /* fire events that update state */
});
/* assert on the output */

This ensures that you're testing the behavior the user would see in the 
browser. Learn more at https://reactjs.org/link/wrap-tests-with-act
    at DynamicForm 
(E:\Hidayat\Hidayat\src\shared\DynamicForm\DynamicForm.jsx:5:24)

[90mstderr[2m | src/shared/DynamicForm/DynamicForm.test.jsx[2m > 
[22m[2mDynamicForm[2m > [22m[2mComplex Form Scenarios[2m > 
[22m[2mshould handle form with multiple field types and 
validation[22m[39m
Warning: An update to DynamicForm inside a test was not wrapped in 
act(...).

When testing, code that causes React state updates should be wrapped 
into act(...):

act(() => {
  /* fire events that update state */
});
/* assert on the output */

This ensures that you're testing the behavior the user would see in the 
browser. Learn more at https://reactjs.org/link/wrap-tests-with-act
    at DynamicForm 
(E:\Hidayat\Hidayat\src\shared\DynamicForm\DynamicForm.jsx:5:24)

[90mstderr[2m | src/shared/DynamicForm/DynamicForm.test.jsx[2m > 
[22m[2mDynamicForm[2m > [22m[2mComplex Form Scenarios[2m > 
[22m[2mshould handle form with multiple field types and 
validation[22m[39m
Warning: An update to DynamicForm inside a test was not wrapped in 
act(...).

When testing, code that causes React state updates should be wrapped 
into act(...):

act(() => {
  /* fire events that update state */
});
/* assert on the output */

This ensures that you're testing the behavior the user would see in the 
browser. Learn more at https://reactjs.org/link/wrap-tests-with-act
    at DynamicForm 
(E:\Hidayat\Hidayat\src\shared\DynamicForm\DynamicForm.jsx:5:24)

[90mstderr[2m | src/shared/DynamicForm/DynamicForm.test.jsx[2m > 
[22m[2mDynamicForm[2m > [22m[2mComplex Form Scenarios[2m > 
[22m[2mshould handle form with multiple field types and 
validation[22m[39m
Warning: An update to DynamicForm inside a test was not wrapped in 
act(...).

When testing, code that causes React state updates should be wrapped 
into act(...):

act(() => {
  /* fire events that update state */
});
/* assert on the output */

This ensures that you're testing the behavior the user would see in the 
browser. Learn more at https://reactjs.org/link/wrap-tests-with-act
    at DynamicForm 
(E:\Hidayat\Hidayat\src\shared\DynamicForm\DynamicForm.jsx:5:24)

[90mstderr[2m | src/shared/DynamicForm/DynamicForm.test.jsx[2m > 
[22m[2mDynamicForm[2m > [22m[2mComplex Form Scenarios[2m > 
[22m[2mshould handle form with multiple field types and 
validation[22m[39m
Warning: An update to DynamicForm inside a test was not wrapped in 
act(...).

When testing, code that causes React state updates should be wrapped 
into act(...):

act(() => {
  /* fire events that update state */
});
/* assert on the output */

This ensures that you're testing the behavior the user would see in the 
browser. Learn more at https://reactjs.org/link/wrap-tests-with-act
    at DynamicForm 
(E:\Hidayat\Hidayat\src\shared\DynamicForm\DynamicForm.jsx:5:24)

[90mstderr[2m | src/shared/DynamicForm/DynamicForm.test.jsx[2m > 
[22m[2mDynamicForm[2m > [22m[2mComplex Form Scenarios[2m > 
[22m[2mshould handle form with multiple field types and 
validation[22m[39m
Warning: An update to DynamicForm inside a test was not wrapped in 
act(...).

When testing, code that causes React state updates should be wrapped 
into act(...):

act(() => {
  /* fire events that update state */
});
/* assert on the output */

This ensures that you're testing the behavior the user would see in the 
browser. Learn more at https://reactjs.org/link/wrap-tests-with-act
    at DynamicForm 
(E:\Hidayat\Hidayat\src\shared\DynamicForm\DynamicForm.jsx:5:24)

[90mstderr[2m | src/shared/DynamicForm/DynamicForm.test.jsx[2m > 
[22m[2mDynamicForm[2m > [22m[2mComplex Form Scenarios[2m > 
[22m[2mshould handle form with multiple field types and 
validation[22m[39m
Warning: An update to DynamicForm inside a test was not wrapped in 
act(...).

When testing, code that causes React state updates should be wrapped 
into act(...):

act(() => {
  /* fire events that update state */
});
/* assert on the output */

This ensures that you're testing the behavior the user would see in the 
browser. Learn more at https://reactjs.org/link/wrap-tests-with-act
    at DynamicForm 
(E:\Hidayat\Hidayat\src\shared\DynamicForm\DynamicForm.jsx:5:24)

[90mstderr[2m | src/shared/DynamicForm/DynamicForm.test.jsx[2m > 
[22m[2mDynamicForm[2m > [22m[2mComplex Form Scenarios[2m > 
[22m[2mshould handle form with multiple field types and 
validation[22m[39m
Warning: An update to DynamicForm inside a test was not wrapped in 
act(...).

When testing, code that causes React state updates should be wrapped 
into act(...):

act(() => {
  /* fire events that update state */
});
/* assert on the output */

This ensures that you're testing the behavior the user would see in the 
browser. Learn more at https://reactjs.org/link/wrap-tests-with-act
    at DynamicForm 
(E:\Hidayat\Hidayat\src\shared\DynamicForm\DynamicForm.jsx:5:24)

[90mstderr[2m | src/shared/DynamicForm/DynamicForm.test.jsx[2m > 
[22m[2mDynamicForm[2m > [22m[2mComplex Form Scenarios[2m > 
[22m[2mshould handle form with multiple field types and 
validation[22m[39m
Warning: An update to DynamicForm inside a test was not wrapped in 
act(...).

When testing, code that causes React state updates should be wrapped 
into act(...):

act(() => {
  /* fire events that update state */
});
/* assert on the output */

This ensures that you're testing the behavior the user would see in the 
browser. Learn more at https://reactjs.org/link/wrap-tests-with-act
    at DynamicForm 
(E:\Hidayat\Hidayat\src\shared\DynamicForm\DynamicForm.jsx:5:24)

[90mstderr[2m | src/shared/DynamicForm/DynamicForm.test.jsx[2m > 
[22m[2mDynamicForm[2m > [22m[2mComplex Form Scenarios[2m > 
[22m[2mshould handle form with multiple field types and 
validation[22m[39m
Warning: An update to DynamicForm inside a test was not wrapped in 
act(...).

When testing, code that causes React state updates should be wrapped 
into act(...):

act(() => {
  /* fire events that update state */
});
/* assert on the output */

This ensures that you're testing the behavior the user would see in the 
browser. Learn more at https://reactjs.org/link/wrap-tests-with-act
    at DynamicForm 
(E:\Hidayat\Hidayat\src\shared\DynamicForm\DynamicForm.jsx:5:24)
Warning: An update to DynamicForm inside a test was not wrapped in 
act(...).

When testing, code that causes React state updates should be wrapped 
into act(...):

act(() => {
  /* fire events that update state */
});
/* assert on the output */

This ensures that you're testing the behavior the user would see in the 
browser. Learn more at https://reactjs.org/link/wrap-tests-with-act
    at DynamicForm 
(E:\Hidayat\Hidayat\src\shared\DynamicForm\DynamicForm.jsx:5:24)

[90mstderr[2m | src/shared/DynamicForm/DynamicForm.test.jsx[2m > 
[22m[2mDynamicForm[2m > [22m[2mComplex Form Scenarios[2m > 
[22m[2mshould handle form with multiple field types and 
validation[22m[39m
Warning: An update to DynamicForm inside a test was not wrapped in 
act(...).

When testing, code that causes React state updates should be wrapped 
into act(...):

act(() => {
  /* fire events that update state */
});
/* assert on the output */

This ensures that you're testing the behavior the user would see in the 
browser. Learn more at https://reactjs.org/link/wrap-tests-with-act
    at DynamicForm 
(E:\Hidayat\Hidayat\src\shared\DynamicForm\DynamicForm.jsx:5:24)

[90mstderr[2m | src/shared/DynamicForm/DynamicForm.test.jsx[2m > 
[22m[2mDynamicForm[2m > [22m[2mComplex Form Scenarios[2m > 
[22m[2mshould handle form with multiple field types and 
validation[22m[39m
Warning: An update to DynamicForm inside a test was not wrapped in 
act(...).

When testing, code that causes React state updates should be wrapped 
into act(...):

act(() => {
  /* fire events that update state */
});
/* assert on the output */

This ensures that you're testing the behavior the user would see in the 
browser. Learn more at https://reactjs.org/link/wrap-tests-with-act
    at DynamicForm 
(E:\Hidayat\Hidayat\src\shared\DynamicForm\DynamicForm.jsx:5:24)

[90mstderr[2m | src/shared/DynamicForm/DynamicForm.test.jsx[2m > 
[22m[2mDynamicForm[2m > [22m[2mComplex Form Scenarios[2m > 
[22m[2mshould handle form with multiple field types and 
validation[22m[39m
Warning: An update to DynamicForm inside a test was not wrapped in 
act(...).

When testing, code that causes React state updates should be wrapped 
into act(...):

act(() => {
  /* fire events that update state */
});
/* assert on the output */

This ensures that you're testing the behavior the user would see in the 
browser. Learn more at https://reactjs.org/link/wrap-tests-with-act
    at DynamicForm 
(E:\Hidayat\Hidayat\src\shared\DynamicForm\DynamicForm.jsx:5:24)

[90mstderr[2m | src/shared/DynamicForm/DynamicForm.test.jsx[2m > 
[22m[2mDynamicForm[2m > [22m[2mComplex Form Scenarios[2m > 
[22m[2mshould handle form with multiple field types and 
validation[22m[39m
Warning: An update to DynamicForm inside a test was not wrapped in 
act(...).

When testing, code that causes React state updates should be wrapped 
into act(...):

act(() => {
  /* fire events that update state */
});
/* assert on the output */

This ensures that you're testing the behavior the user would see in the 
browser. Learn more at https://reactjs.org/link/wrap-tests-with-act
    at DynamicForm 
(E:\Hidayat\Hidayat\src\shared\DynamicForm\DynamicForm.jsx:5:24)

[90mstderr[2m | src/shared/DynamicForm/DynamicForm.test.jsx[2m > 
[22m[2mDynamicForm[2m > [22m[2mComplex Form Scenarios[2m > 
[22m[2mshould handle form with multiple field types and 
validation[22m[39m
Warning: An update to DynamicForm inside a test was not wrapped in 
act(...).

When testing, code that causes React state updates should be wrapped 
into act(...):

act(() => {
  /* fire events that update state */
});
/* assert on the output */

This ensures that you're testing the behavior the user would see in the 
browser. Learn more at https://reactjs.org/link/wrap-tests-with-act
    at DynamicForm 
(E:\Hidayat\Hidayat\src\shared\DynamicForm\DynamicForm.jsx:5:24)

[90mstderr[2m | src/shared/DynamicForm/DynamicForm.test.jsx[2m > 
[22m[2mDynamicForm[2m > [22m[2mComplex Form Scenarios[2m > 
[22m[2mshould handle form with multiple field types and 
validation[22m[39m
Warning: An update to DynamicForm inside a test was not wrapped in 
act(...).

When testing, code that causes React state updates should be wrapped 
into act(...):

act(() => {
  /* fire events that update state */
});
/* assert on the output */

This ensures that you're testing the behavior the user would see in the 
browser. Learn more at https://reactjs.org/link/wrap-tests-with-act
    at DynamicForm 
(E:\Hidayat\Hidayat\src\shared\DynamicForm\DynamicForm.jsx:5:24)

[90mstderr[2m | src/shared/DynamicForm/DynamicForm.test.jsx[2m > 
[22m[2mDynamicForm[2m > [22m[2mComplex Form Scenarios[2m > 
[22m[2mshould handle form with multiple field types and 
validation[22m[39m
Warning: An update to DynamicForm inside a test was not wrapped in 
act(...).

When testing, code that causes React state updates should be wrapped 
into act(...):

act(() => {
  /* fire events that update state */
});
/* assert on the output */

This ensures that you're testing the behavior the user would see in the 
browser. Learn more at https://reactjs.org/link/wrap-tests-with-act
    at DynamicForm 
(E:\Hidayat\Hidayat\src\shared\DynamicForm\DynamicForm.jsx:5:24)

[90mstderr[2m | src/shared/DynamicForm/DynamicForm.test.jsx[2m > 
[22m[2mDynamicForm[2m > [22m[2mComplex Form Scenarios[2m > 
[22m[2mshould handle form with multiple field types and 
validation[22m[39m
Warning: An update to DynamicForm inside a test was not wrapped in 
act(...).

When testing, code that causes React state updates should be wrapped 
into act(...):

act(() => {
  /* fire events that update state */
});
/* assert on the output */

This ensures that you're testing the behavior the user would see in the 
browser. Learn more at https://reactjs.org/link/wrap-tests-with-act
    at DynamicForm 
(E:\Hidayat\Hidayat\src\shared\DynamicForm\DynamicForm.jsx:5:24)

[90mstderr[2m | src/shared/DynamicForm/DynamicForm.test.jsx[2m > 
[22m[2mDynamicForm[2m > [22m[2mComplex Form Scenarios[2m > 
[22m[2mshould handle form with multiple field types and 
validation[22m[39m
Warning: An update to DynamicForm inside a test was not wrapped in 
act(...).

When testing, code that causes React state updates should be wrapped 
into act(...):

act(() => {
  /* fire events that update state */
});
/* assert on the output */

This ensures that you're testing the behavior the user would see in the 
browser. Learn more at https://reactjs.org/link/wrap-tests-with-act
    at DynamicForm 
(E:\Hidayat\Hidayat\src\shared\DynamicForm\DynamicForm.jsx:5:24)

[90mstderr[2m | src/shared/DynamicForm/DynamicForm.test.jsx[2m > 
[22m[2mDynamicForm[2m > [22m[2mComplex Form Scenarios[2m > 
[22m[2mshould handle form with multiple field types and 
validation[22m[39m
Warning: An update to DynamicForm inside a test was not wrapped in 
act(...).

When testing, code that causes React state updates should be wrapped 
into act(...):

act(() => {
  /* fire events that update state */
});
/* assert on the output */

This ensures that you're testing the behavior the user would see in the 
browser. Learn more at https://reactjs.org/link/wrap-tests-with-act
    at DynamicForm 
(E:\Hidayat\Hidayat\src\shared\DynamicForm\DynamicForm.jsx:5:24)

[90mstderr[2m | src/shared/DynamicForm/DynamicForm.test.jsx[2m > 
[22m[2mDynamicForm[2m > [22m[2mComplex Form Scenarios[2m > 
[22m[2mshould handle form with multiple field types and 
validation[22m[39m
Warning: An update to DynamicForm inside a test was not wrapped in 
act(...).

When testing, code that causes React state updates should be wrapped 
into act(...):

act(() => {
  /* fire events that update state */
});
/* assert on the output */

This ensures that you're testing the behavior the user would see in the 
browser. Learn more at https://reactjs.org/link/wrap-tests-with-act
    at DynamicForm 
(E:\Hidayat\Hidayat\src\shared\DynamicForm\DynamicForm.jsx:5:24)

[90mstderr[2m | src/shared/DynamicForm/DynamicForm.test.jsx[2m > 
[22m[2mDynamicForm[2m > [22m[2mComplex Form Scenarios[2m > 
[22m[2mshould handle form with multiple field types and 
validation[22m[39m
Warning: An update to DynamicForm inside a test was not wrapped in 
act(...).

When testing, code that causes React state updates should be wrapped 
into act(...):

act(() => {
  /* fire events that update state */
});
/* assert on the output */

This ensures that you're testing the behavior the user would see in the 
browser. Learn more at https://reactjs.org/link/wrap-tests-with-act
    at DynamicForm 
(E:\Hidayat\Hidayat\src\shared\DynamicForm\DynamicForm.jsx:5:24)

[90mstderr[2m | src/shared/DynamicForm/DynamicForm.test.jsx[2m > 
[22m[2mDynamicForm[2m > [22m[2mComplex Form Scenarios[2m > 
[22m[2mshould handle form with multiple field types and 
validation[22m[39m
Warning: An update to DynamicForm inside a test was not wrapped in 
act(...).

When testing, code that causes React state updates should be wrapped 
into act(...):

act(() => {
  /* fire events that update state */
});
/* assert on the output */

This ensures that you're testing the behavior the user would see in the 
browser. Learn more at https://reactjs.org/link/wrap-tests-with-act
    at DynamicForm 
(E:\Hidayat\Hidayat\src\shared\DynamicForm\DynamicForm.jsx:5:24)

[90mstderr[2m | src/shared/DynamicForm/DynamicForm.test.jsx[2m > 
[22m[2mDynamicForm[2m > [22m[2mComplex Form Scenarios[2m > 
[22m[2mshould handle form with multiple field types and 
validation[22m[39m
Warning: An update to DynamicForm inside a test was not wrapped in 
act(...).

When testing, code that causes React state updates should be wrapped 
into act(...):

act(() => {
  /* fire events that update state */
});
/* assert on the output */

This ensures that you're testing the behavior the user would see in the 
browser. Learn more at https://reactjs.org/link/wrap-tests-with-act
    at DynamicForm 
(E:\Hidayat\Hidayat\src\shared\DynamicForm\DynamicForm.jsx:5:24)

[90mstderr[2m | src/shared/DynamicForm/DynamicForm.test.jsx[2m > 
[22m[2mDynamicForm[2m > [22m[2mComplex Form Scenarios[2m > 
[22m[2mshould handle form with multiple field types and 
validation[22m[39m
Warning: An update to DynamicForm inside a test was not wrapped in 
act(...).

When testing, code that causes React state updates should be wrapped 
into act(...):

act(() => {
  /* fire events that update state */
});
/* assert on the output */

This ensures that you're testing the behavior the user would see in the 
browser. Learn more at https://reactjs.org/link/wrap-tests-with-act
    at DynamicForm 
(E:\Hidayat\Hidayat\src\shared\DynamicForm\DynamicForm.jsx:5:24)

[90mstderr[2m | src/shared/DynamicForm/DynamicForm.test.jsx[2m > 
[22m[2mDynamicForm[2m > [22m[2mComplex Form Scenarios[2m > 
[22m[2mshould handle form with multiple field types and 
validation[22m[39m
Warning: An update to DynamicForm inside a test was not wrapped in 
act(...).

When testing, code that causes React state updates should be wrapped 
into act(...):

act(() => {
  /* fire events that update state */
});
/* assert on the output */

This ensures that you're testing the behavior the user would see in the 
browser. Learn more at https://reactjs.org/link/wrap-tests-with-act
    at DynamicForm 
(E:\Hidayat\Hidayat\src\shared\DynamicForm\DynamicForm.jsx:5:24)

[90mstderr[2m | src/shared/DynamicForm/DynamicForm.test.jsx[2m > 
[22m[2mDynamicForm[2m > [22m[2mComplex Form Scenarios[2m > 
[22m[2mshould handle form with multiple field types and 
validation[22m[39m
Warning: An update to DynamicForm inside a test was not wrapped in 
act(...).

When testing, code that causes React state updates should be wrapped 
into act(...):

act(() => {
  /* fire events that update state */
});
/* assert on the output */

This ensures that you're testing the behavior the user would see in the 
browser. Learn more at https://reactjs.org/link/wrap-tests-with-act
    at DynamicForm 
(E:\Hidayat\Hidayat\src\shared\DynamicForm\DynamicForm.jsx:5:24)
Warning: An update to DynamicForm inside a test was not wrapped in 
act(...).

When testing, code that causes React state updates should be wrapped 
into act(...):

act(() => {
  /* fire events that update state */
});
/* assert on the output */

This ensures that you're testing the behavior the user would see in the 
browser. Learn more at https://reactjs.org/link/wrap-tests-with-act
    at DynamicForm 
(E:\Hidayat\Hidayat\src\shared\DynamicForm\DynamicForm.jsx:5:24)

[90mstderr[2m | src/shared/DynamicForm/DynamicForm.test.jsx[2m > 
[22m[2mDynamicForm[2m > [22m[2mComplex Form Scenarios[2m > 
[22m[2mshould handle form with multiple field types and 
validation[22m[39m
Warning: An update to DynamicForm inside a test was not wrapped in 
act(...).

When testing, code that causes React state updates should be wrapped 
into act(...):

act(() => {
  /* fire events that update state */
});
/* assert on the output */

This ensures that you're testing the behavior the user would see in the 
browser. Learn more at https://reactjs.org/link/wrap-tests-with-act
    at DynamicForm 
(E:\Hidayat\Hidayat\src\shared\DynamicForm\DynamicForm.jsx:5:24)

[90mstderr[2m | src/shared/DynamicForm/DynamicForm.test.jsx[2m > 
[22m[2mDynamicForm[2m > [22m[2mComplex Form Scenarios[2m > 
[22m[2mshould handle form with multiple field types and 
validation[22m[39m
Warning: An update to DynamicForm inside a test was not wrapped in 
act(...).

When testing, code that causes React state updates should be wrapped 
into act(...):

act(() => {
  /* fire events that update state */
});
/* assert on the output */

This ensures that you're testing the behavior the user would see in the 
browser. Learn more at https://reactjs.org/link/wrap-tests-with-act
    at DynamicForm 
(E:\Hidayat\Hidayat\src\shared\DynamicForm\DynamicForm.jsx:5:24)

 [33mΓ¥»[39m src/shared/DynamicForm/DynamicForm.test.jsx [2m ([22m[2m28 tests[22m [2m|[22m [31m3 failed[39m[2m)[22m[33m 5459[2mms[22m[39m
[31m   [33mΓ¥»[31m src/shared/DynamicForm/DynamicForm.test.jsx[2m > [22mDynamicForm[2m > [22mField Validation Rules[2m > [22mshould validate number field min constraint[39m
[31m     ΓåÆ Unable to find an element with the text: Age must be at least 18. This could be because the text is broken up by multiple elements. In this case, you can provide a function for your text matcher to make your matcher more flexible.

Ignored nodes: comments, script, style
[36m<body>[31m
  [36m<div>[31m
    [36m<form[31m
      [33mclass[31m=[32m"dynamic-form"[31m
    [36m>[31m
      [36m<div[31m
        [33mclass[31m=[32m"form-group"[31m
      [36m>[31m
        [36m<label[31m
          [33mclass[31m=[32m"form-label"[31m
          [33mfor[31m=[32m"age"[31m
        [36m>[31m
          [0mAge[0m
          [36m<span[31m
            [33mclass[31m=[32m"required"[31m
          [36m>[31m
            [0m*[0m
          [36m</span>[31m
        [36m</label>[31m
        [36m<input[31m
          [33mclass[31m=[32m"form-input "[31m
          [33mid[31m=[32m"age"[31m
          [33mmin[31m=[32m"18"[31m
          [33mname[31m=[32m"age"[31m
          [33mplaceholder[31m=[32m"Age"[31m
          [33mtype[31m=[32m"number"[31m
          [33mvalue[31m=[32m""[31m
        [36m/>[31m
      [36m</div>[31m
      [36m<button[31m
        [33mclass[31m=[32m"form-submit"[31m
        [33mtype[31m=[32m"submit"[31m
      [36m>[31m
        [0mSubmit[0m
      [36m</button>[31m
    [36m</form>[31m
  [36m</div>[31m
[36m</body>[31m

Ignored nodes: comments, script, style
[36m<html>[31m
  [36m<head />[31m
  [36m<body>[31m
    [36m<div>[31m
      [36m<form[31m
        [33mclass[31m=[32m"dynamic-form"[31m
      [36m>[31m
        [36m<div[31m
          [33mclass[31m=[32m"form-group"[31m
        [36m>[31m
          [36m<label[31m
            [33mclass[31m=[32m"form-label"[31m
            [33mfor[31m=[32m"age"[31m
          [36m>[31m
            [0mAge[0m
            [36m<span[31m
              [33mclass[31m=[32m"required"[31m
            [36m>[31m
              [0m*[0m
            [36m</span>[31m
          [36m</label>[31m
          [36m<input[31m
            [33mclass[31m=[32m"form-input "[31m
            [33mid[31m=[32m"age"[31m
            [33mmin[31m=[32m"18"[31m
            [33mname[31m=[32m"age"[31m
            [33mplaceholder[31m=[32m"Age"[31m
            [33mtype[31m=[32m"number"[31m
            [33mvalue[31m=[32m""[31m
          [36m/>[31m
        [36m</div>[31m
        [36m<button[31m
          [33mclass[31m=[32m"form-submit"[31m
          [33mtype[31m=[32m"submit"[31m
        [36m>[31m
          [0mSubmit[0m
        [36m</button>[31m
      [36m</form>[31m
    [36m</div>[31m
  [36m</body>[31m
[36m</html>[31m[39m
[31m   [33mΓ¥»[31m src/shared/DynamicForm/DynamicForm.test.jsx[2m > [22mDynamicForm[2m > [22mField Validation Rules[2m > [22mshould validate number field max constraint[39m
[31m     ΓåÆ Unable to find an element with the text: Score must be at most 100. This could be because the text is broken up by multiple elements. In this case, you can provide a function for your text matcher to make your matcher more flexible.

Ignored nodes: comments, script, style
[36m<body>[31m
  [36m<div>[31m
    [36m<form[31m
      [33mclass[31m=[32m"dynamic-form"[31m
    [36m>[31m
      [36m<div[31m
        [33mclass[31m=[32m"form-group"[31m
      [36m>[31m
        [36m<label[31m
          [33mclass[31m=[32m"form-label"[31m
          [33mfor[31m=[32m"score"[31m
        [36m>[31m
          [0mScore[0m
          [36m<span[31m
            [33mclass[31m=[32m"required"[31m
          [36m>[31m
            [0m*[0m
          [36m</span>[31m
        [36m</label>[31m
        [36m<input[31m
          [33mclass[31m=[32m"form-input "[31m
          [33mid[31m=[32m"score"[31m
          [33mmax[31m=[32m"100"[31m
          [33mname[31m=[32m"score"[31m
          [33mplaceholder[31m=[32m"Score"[31m
          [33mtype[31m=[32m"number"[31m
          [33mvalue[31m=[32m""[31m
        [36m/>[31m
      [36m</div>[31m
      [36m<button[31m
        [33mclass[31m=[32m"form-submit"[31m
        [33mtype[31m=[32m"submit"[31m
      [36m>[31m
        [0mSubmit[0m
      [36m</button>[31m
    [36m</form>[31m
  [36m</div>[31m
[36m</body>[31m

Ignored nodes: comments, script, style
[36m<html>[31m
  [36m<head />[31m
  [36m<body>[31m
    [36m<div>[31m
      [36m<form[31m
        [33mclass[31m=[32m"dynamic-form"[31m
      [36m>[31m
        [36m<div[31m
          [33mclass[31m=[32m"form-group"[31m
        [36m>[31m
          [36m<label[31m
            [33mclass[31m=[32m"form-label"[31m
            [33mfor[31m=[32m"score"[31m
          [36m>[31m
            [0mScore[0m
            [36m<span[31m
              [33mclass[31m=[32m"required"[31m
            [36m>[31m
              [0m*[0m
            [36m</span>[31m
          [36m</label>[31m
          [36m<input[31m
            [33mclass[31m=[32m"form-input "[31m
            [33mid[31m=[32m"score"[31m
            [33mmax[31m=[32m"100"[31m
            [33mname[31m=[32m"score"[31m
            [33mplaceholder[31m=[32m"Score"[31m
            [33mtype[31m=[32m"number"[31m
            [33mvalue[31m=[32m""[31m
          [36m/>[31m
        [36m</div>[31m
        [36m<button[31m
          [33mclass[31m=[32m"form-submit"[31m
          [33mtype[31m=[32m"submit"[31m
        [36m>[31m
          [0mSubmit[0m
        [36m</button>[31m
      [36m</form>[31m
    [36m</div>[31m
  [36m</body>[31m
[36m</html>[31m[39m
[31m   [33mΓ¥»[31m src/shared/DynamicForm/DynamicForm.test.jsx[2m > [22mDynamicForm[2m > [22mComplex Form Scenarios[2m > [22mshould handle form with multiple field types and validation[39m
[31m     ΓåÆ Unable to find a label with the text of: Program

Ignored nodes: comments, script, style
[36m<body>[31m
  [36m<div>[31m
    [36m<form[31m
      [33mclass[31m=[32m"dynamic-form"[31m
    [36m>[31m
      [36m<div[31m
        [33mclass[31m=[32m"form-group"[31m
      [36m>[31m
        [36m<label[31m
          [33mclass[31m=[32m"form-label"[31m
          [33mfor[31m=[32m"name"[31m
        [36m>[31m
          [0mFull Name[0m
          [36m<span[31m
            [33mclass[31m=[32m"required"[31m
          [36m>[31m
            [0m*[0m
          [36m</span>[31m
        [36m</label>[31m
        [36m<input[31m
          [33mclass[31m=[32m"form-input "[31m
          [33mid[31m=[32m"name"[31m
          [33mname[31m=[32m"name"[31m
          [33mplaceholder[31m=[32m"Full Name"[31m
          [33mtype[31m=[32m"text"[31m
          [33mvalue[31m=[32m"John Doe"[31m
        [36m/>[31m
      [36m</div>[31m
      [36m<div[31m
        [33mclass[31m=[32m"form-group"[31m
      [36m>[31m
        [36m<label[31m
          [33mclass[31m=[32m"form-label"[31m
          [33mfor[31m=[32m"email"[31m
        [36m>[31m
          [0mEmail[0m
          [36m<span[31m
            [33mclass[31m=[32m"required"[31m
          [36m>[31m
            [0m*[0m
          [36m</span>[31m
        [36m</label>[31m
        [36m<input[31m
          [33mclass[31m=[32m"form-input "[31m
          [33mid[31m=[32m"email"[31m
          [33mname[31m=[32m"email"[31m
          [33mplaceholder[31m=[32m"Email"[31m
          [33mtype[31m=[32m"text"[31m
          [33mvalue[31m=[32m"john@example.com"[31m
        [36m/>[31m
      [36m</div>[31m
      [36m<div[31m
        [33mclass[31m=[32m"form-group"[31m
      [36m>[31m
        [36m<label[31m
          [33mclass[31m=[32m"form-label"[31m
          [33mfor[31m=[32m"age"[31m
        [36m>[31m
          [0mAge[0m
          [36m<span[31m
            [33mclass[31m=[32m"required"[31m
          [36m>[31m
            [0m*[0m
          [36m</span>[31m
        [36m</label>[31m
        [36m<input[31m
          [33mclass[31m=[32m"form-input "[31m
          [33mid[31m=[32m"age"[31m
          [33mmax[31m=[32m"100"[31m
          [33mmin[31m=[32m"18"[31m
          [33mname[31m=[32m"age"[31m
          [33mplaceholder[31m=[32m"Age"[31m
          [33mtype[31m=[32m"number"[31m
          [33mvalue[31m=[32m""[31m
        [36m/>[31m
      [36m</div>[31m
      [36m<div[31m
        [33mclass[31m=[32m"form-group"[31m
      [36m>[31m
        [36m<label[31m
          [33mclass[31m=[32m"form-label"[31m
          [33mfor[31m=[32m"program"[31m
        [36m>[31m
          [0mProgram[0m
          [36m<span[31m
            [33mclass[31m=[32m"required"[31m
          [36m>[31m
            [0m*[0m
          [36m</span>[31m
        [36m</label>[31m
        [36m<select[31m
          [33mclass[31m=[32m"form-input "[31m
          [33mid[31m=[32m"program"[31m
          [33mname[31m=[32m"program"[31m
        [36m>[31m
          [36m<option[31m
            [33mvalue[31m=[32m""[31m
          [36m>[31m
            [0mSelect [0m
            [0mProgram[0m
          [36m</option>[31m
          [36m<option[31m
            [33mvalue[31m=[32m"dars"[31m
          [36m>[31m
            [0mDars-e-Nizami[0m
          [36m</option>[31m
          [36m<option[31m
            [33mvalue[31m=[32m"hifz"[31m
          [36m>[31m
            [0mHifz[0m
          [36m</option>[31m
        [36m</select>[31m
      [36m</div>[31m
      [36m<div[31m
        [33mclass[31m=[32m"form-group"[31m
      [36m>[31m
        [36m<label[31m
          [33mclass[31m=[32m"form-label"[31m
          [33mfor[31m=[32m"agree"[31m
        [36m>[31m
          [0mI Agree to Terms[0m
          [36m<span[31m
            [33mclass[31m=[32m"required"[31m
          [36m>[31m
            [0m*[0m
          [36m</span>[31m
        [36m</label>[31m
        [36m<input[31m
          [33mclass[31m=[32m"form-checkbox "[31m
          [33mid[31m=[32m"agree"[31m
          [33mname[31m=[32m"agree"[31m
          [33mtype[31m=[32m"checkbox"[31m
        [36m/>[31m
      [36m</div>[31m
      [36m<button[31m
        [33mclass[31m=[32m"form-submit"[31m
        [33mtype[31m=[32m"submit"[31m
      [36m>[31m
        [0mSubmit[0m
      [36m</button>[31m
    [36m</form>[31m
  [36m</div>[31m
[36m</body>[31m[39m

[31mΓÄ»ΓÄ»ΓÄ»ΓÄ»ΓÄ»ΓÄ»ΓÄ»[1m[7m Failed Tests 3 
[27m[22mΓÄ»ΓÄ»ΓÄ»ΓÄ»ΓÄ»ΓÄ»ΓÄ»[39m

[31m[1m[7m FAIL [27m[22m[39m 
src/shared/DynamicForm/DynamicForm.test.jsx[2m > [22mDynamicForm[2m 
> [22mField Validation Rules[2m > [22mshould validate number field 
min constraint
[31m[1mTestingLibraryElementError[22m: Unable to find an element 
with the text: Age must be at least 18. This could be because the text 
is broken up by multiple elements. In this case, you can provide a 
function for your text matcher to make your matcher more flexible.

Ignored nodes: comments, script, style
[36m<body>[31m
  [36m<div>[31m
    [36m<form[31m
      [33mclass[31m=[32m"dynamic-form"[31m
    [36m>[31m
      [36m<div[31m
        [33mclass[31m=[32m"form-group"[31m
      [36m>[31m
        [36m<label[31m
          [33mclass[31m=[32m"form-label"[31m
          [33mfor[31m=[32m"age"[31m
        [36m>[31m
          [0mAge[0m
          [36m<span[31m
            [33mclass[31m=[32m"required"[31m
          [36m>[31m
            [0m*[0m
          [36m</span>[31m
        [36m</label>[31m
        [36m<input[31m
          [33mclass[31m=[32m"form-input "[31m
          [33mid[31m=[32m"age"[31m
          [33mmin[31m=[32m"18"[31m
          [33mname[31m=[32m"age"[31m
          [33mplaceholder[31m=[32m"Age"[31m
          [33mtype[31m=[32m"number"[31m
          [33mvalue[31m=[32m""[31m
        [36m/>[31m
      [36m</div>[31m
      [36m<button[31m
        [33mclass[31m=[32m"form-submit"[31m
        [33mtype[31m=[32m"submit"[31m
      [36m>[31m
        [0mSubmit[0m
      [36m</button>[31m
    [36m</form>[31m
  [36m</div>[31m
[36m</body>[31m

Ignored nodes: comments, script, style
[36m<html>[31m
  [36m<head />[31m
  [36m<body>[31m
    [36m<div>[31m
      [36m<form[31m
        [33mclass[31m=[32m"dynamic-form"[31m
      [36m>[31m
        [36m<div[31m
          [33mclass[31m=[32m"form-group"[31m
        [36m>[31m
          [36m<label[31m
            [33mclass[31m=[32m"form-label"[31m
            [33mfor[31m=[32m"age"[31m
          [36m>[31m
            [0mAge[0m
            [36m<span[31m
              [33mclass[31m=[32m"required"[31m
            [36m>[31m
              [0m*[0m
            [36m</span>[31m
          [36m</label>[31m
          [36m<input[31m
            [33mclass[31m=[32m"form-input "[31m
            [33mid[31m=[32m"age"[31m
            [33mmin[31m=[32m"18"[31m
            [33mname[31m=[32m"age"[31m
            [33mplaceholder[31m=[32m"Age"[31m
            [33mtype[31m=[32m"number"[31m
            [33mvalue[31m=[32m""[31m
          [36m/>[31m
        [36m</div>[31m
        [36m<button[31m
          [33mclass[31m=[32m"form-submit"[31m
          [33mtype[31m=[32m"submit"[31m
        [36m>[31m
          [0mSubmit[0m
        [36m</button>[31m
      [36m</form>[31m
    [36m</div>[31m
  [36m</body>[31m
[36m</html>[31m[39m
[90m [2mΓ¥»[22m Proxy.waitForWrapper node_modules/@testing-library/re
act/node_modules/@testing-library/dom/dist/wait-for.js:[2m163:27[22m[
39m
[36m [2mΓ¥»[22m 
src/shared/DynamicForm/DynamicForm.test.jsx:[2m381:13[22m[39m
    [90m379| [39m      
fireEvent[33m.[39m[34mclick[39m(submitButton)
    [90m380| [39m
    [90m381| [39m      [35mawait[39m [34mwaitFor[39m(() 
[33m=>[39m {
    [90m   | [39m            [31m^[39m
    [90m382| [39m        
[34mexpect[39m(screen[33m.[39m[34mgetByText[39m([32m'Age must be 
at least 18'[39m))[33m.[39m[34mtoBeInTheD[39mΓÇª
    [90m383| [39m      })

[31m[2mΓÄ»ΓÄ»ΓÄ»ΓÄ»ΓÄ»ΓÄ»ΓÄ»ΓÄ»ΓÄ»ΓÄ»ΓÄ»ΓÄ»ΓÄ»ΓÄ»ΓÄ»ΓÄ»ΓÄ»ΓÄ»ΓÄ»ΓÄ»ΓÄ»
ΓÄ»ΓÄ»ΓÄ»[1/3]ΓÄ»[22m[39m

[31m[1m[7m FAIL [27m[22m[39m 
src/shared/DynamicForm/DynamicForm.test.jsx[2m > [22mDynamicForm[2m 
> [22mField Validation Rules[2m > [22mshould validate number field 
max constraint
[31m[1mTestingLibraryElementError[22m: Unable to find an element 
with the text: Score must be at most 100. This could be because the 
text is broken up by multiple elements. In this case, you can provide a 
function for your text matcher to make your matcher more flexible.

Ignored nodes: comments, script, style
[36m<body>[31m
  [36m<div>[31m
    [36m<form[31m
      [33mclass[31m=[32m"dynamic-form"[31m
    [36m>[31m
      [36m<div[31m
        [33mclass[31m=[32m"form-group"[31m
      [36m>[31m
        [36m<label[31m
          [33mclass[31m=[32m"form-label"[31m
          [33mfor[31m=[32m"score"[31m
        [36m>[31m
          [0mScore[0m
          [36m<span[31m
            [33mclass[31m=[32m"required"[31m
          [36m>[31m
            [0m*[0m
          [36m</span>[31m
        [36m</label>[31m
        [36m<input[31m
          [33mclass[31m=[32m"form-input "[31m
          [33mid[31m=[32m"score"[31m
          [33mmax[31m=[32m"100"[31m
          [33mname[31m=[32m"score"[31m
          [33mplaceholder[31m=[32m"Score"[31m
          [33mtype[31m=[32m"number"[31m
          [33mvalue[31m=[32m""[31m
        [36m/>[31m
      [36m</div>[31m
      [36m<button[31m
        [33mclass[31m=[32m"form-submit"[31m
        [33mtype[31m=[32m"submit"[31m
      [36m>[31m
        [0mSubmit[0m
      [36m</button>[31m
    [36m</form>[31m
  [36m</div>[31m
[36m</body>[31m

Ignored nodes: comments, script, style
[36m<html>[31m
  [36m<head />[31m
  [36m<body>[31m
    [36m<div>[31m
      [36m<form[31m
        [33mclass[31m=[32m"dynamic-form"[31m
      [36m>[31m
        [36m<div[31m
          [33mclass[31m=[32m"form-group"[31m
        [36m>[31m
          [36m<label[31m
            [33mclass[31m=[32m"form-label"[31m
            [33mfor[31m=[32m"score"[31m
          [36m>[31m
            [0mScore[0m
            [36m<span[31m
              [33mclass[31m=[32m"required"[31m
            [36m>[31m
              [0m*[0m
            [36m</span>[31m
          [36m</label>[31m
          [36m<input[31m
            [33mclass[31m=[32m"form-input "[31m
            [33mid[31m=[32m"score"[31m
            [33mmax[31m=[32m"100"[31m
            [33mname[31m=[32m"score"[31m
            [33mplaceholder[31m=[32m"Score"[31m
            [33mtype[31m=[32m"number"[31m
            [33mvalue[31m=[32m""[31m
          [36m/>[31m
        [36m</div>[31m
        [36m<button[31m
          [33mclass[31m=[32m"form-submit"[31m
          [33mtype[31m=[32m"submit"[31m
        [36m>[31m
          [0mSubmit[0m
        [36m</button>[31m
      [36m</form>[31m
    [36m</div>[31m
  [36m</body>[31m
[36m</html>[31m[39m
[90m [2mΓ¥»[22m Proxy.waitForWrapper node_modules/@testing-library/re
act/node_modules/@testing-library/dom/dist/wait-for.js:[2m163:27[22m[
39m
[36m [2mΓ¥»[22m 
src/shared/DynamicForm/DynamicForm.test.jsx:[2m411:13[22m[39m
    [90m409| [39m      
fireEvent[33m.[39m[34mclick[39m(submitButton)
    [90m410| [39m
    [90m411| [39m      [35mawait[39m [34mwaitFor[39m(() 
[33m=>[39m {
    [90m   | [39m            [31m^[39m
    [90m412| [39m        
[34mexpect[39m(screen[33m.[39m[34mgetByText[39m([32m'Score must 
be at most 100'[39m))[33m.[39m[34mtoBeInTh[39mΓÇª
    [90m413| [39m      })

[31m[2mΓÄ»ΓÄ»ΓÄ»ΓÄ»ΓÄ»ΓÄ»ΓÄ»ΓÄ»ΓÄ»ΓÄ»ΓÄ»ΓÄ»ΓÄ»ΓÄ»ΓÄ»ΓÄ»ΓÄ»ΓÄ»ΓÄ»ΓÄ»ΓÄ»
ΓÄ»ΓÄ»ΓÄ»[2/3]ΓÄ»[22m[39m

[31m[1m[7m FAIL [27m[22m[39m 
src/shared/DynamicForm/DynamicForm.test.jsx[2m > [22mDynamicForm[2m 
> [22mComplex Form Scenarios[2m > [22mshould handle form with 
multiple field types and validation
[31m[1mTestingLibraryElementError[22m: Unable to find a label with 
the text of: Program

Ignored nodes: comments, script, style
[36m<body>[31m
  [36m<div>[31m
    [36m<form[31m
      [33mclass[31m=[32m"dynamic-form"[31m
    [36m>[31m
      [36m<div[31m
        [33mclass[31m=[32m"form-group"[31m
      [36m>[31m
        [36m<label[31m
          [33mclass[31m=[32m"form-label"[31m
          [33mfor[31m=[32m"name"[31m
        [36m>[31m
          [0mFull Name[0m
          [36m<span[31m
            [33mclass[31m=[32m"required"[31m
          [36m>[31m
            [0m*[0m
          [36m</span>[31m
        [36m</label>[31m
        [36m<input[31m
          [33mclass[31m=[32m"form-input "[31m
          [33mid[31m=[32m"name"[31m
          [33mname[31m=[32m"name"[31m
          [33mplaceholder[31m=[32m"Full Name"[31m
          [33mtype[31m=[32m"text"[31m
          [33mvalue[31m=[32m"John Doe"[31m
        [36m/>[31m
      [36m</div>[31m
      [36m<div[31m
        [33mclass[31m=[32m"form-group"[31m
      [36m>[31m
        [36m<label[31m
          [33mclass[31m=[32m"form-label"[31m
          [33mfor[31m=[32m"email"[31m
        [36m>[31m
          [0mEmail[0m
          [36m<span[31m
            [33mclass[31m=[32m"required"[31m
          [36m>[31m
            [0m*[0m
          [36m</span>[31m
        [36m</label>[31m
        [36m<input[31m
          [33mclass[31m=[32m"form-input "[31m
          [33mid[31m=[32m"email"[31m
          [33mname[31m=[32m"email"[31m
          [33mplaceholder[31m=[32m"Email"[31m
          [33mtype[31m=[32m"text"[31m
          [33mvalue[31m=[32m"john@example.com"[31m
        [36m/>[31m
      [36m</div>[31m
      [36m<div[31m
        [33mclass[31m=[32m"form-group"[31m
      [36m>[31m
        [36m<label[31m
          [33mclass[31m=[32m"form-label"[31m
          [33mfor[31m=[32m"age"[31m
        [36m>[31m
          [0mAge[0m
          [36m<span[31m
            [33mclass[31m=[32m"required"[31m
          [36m>[31m
            [0m*[0m
          [36m</span>[31m
        [36m</label>[31m
        [36m<input[31m
          [33mclass[31m=[32m"form-input "[31m
          [33mid[31m=[32m"age"[31m
          [33mmax[31m=[32m"100"[31m
          [33mmin[31m=[32m"18"[31m
          [33mname[31m=[32m"age"[31m
          [33mplaceholder[31m=[32m"Age"[31m
          [33mtype[31m=[32m"number"[31m
[2m Test Files [22m [1m[31m1 failed[39m[22m[90m (1)[39m
[2m      Tests [22m [1m[31m3 failed[39m[22m[2m | [22m[1m[32m25 passed[39m[22m[90m (28)[39m
[2m   Start at [22m 21:19:11
          [33mvalue[31m=[32m""[31m
        [36m/>[31m
      [36m</div>[31m
      [36m<div[31m
        [33mclass[31m=[32m"form-group"[31m
      [36m>[31m
        [36m<label[31m
          [33mclass[31m=[32m"form-label"[31m
          [33mfor[31m=[32m"program"[31m
        [36m>[31m
          [0mProgram[0m
          [36m<span[31m
            [33mclass[31m=[32m"required"[31m
          [36m>[31m
            [0m*[0m
          [36m</span>[31m
        [36m</label>[31m
        [36m<select[31m
          [33mclass[31m=[32m"form-input "[31m
          [33mid[31m=[32m"program"[31m
          [33mname[31m=[32m"program"[31m
        [36m>[31m
          [36m<option[31m
            [33mvalue[31m=[32m""[31m
          [36m>[31m
            [0mSelect [0m
            [0mProgram[0m
          [36m</option>[31m
          [36m<option[31m
            [33mvalue[31m=[32m"dars"[31m
          [36m>[31m
            [0mDars-e-Nizami[0m
          [36m</option>[31m
          [36m<option[31m
            [33mvalue[31m=[32m"hifz"[31m
          [36m>[31m
            [0mHifz[0m
          [36m</option>[31m
        [36m</select>[31m
      [36m</div>[31m
      [36m<div[31m
        [33mclass[31m=[32m"form-group"[31m
      [36m>[31m
        [36m<label[31m
          [33mclass[31m=[32m"form-label"[31m
          [33mfor[31m=[32m"agree"[31m
        [36m>[31m
          [0mI Agree to Terms[0m
          [36m<span[31m
            [33mclass[31m=[32m"required"[31m
          [36m>[31m
            [0m*[0m
          [36m</span>[31m
        [36m</label>[31m
        [36m<input[31m
          [33mclass[31m=[32m"form-checkbox "[31m
          [33mid[31m=[32m"agree"[31m
          [33mname[31m=[32m"agree"[31m
          [33mtype[31m=[32m"checkbox"[31m
        [36m/>[31m
      [36m</div>[31m
      [36m<button[31m
        [33mclass[31m=[32m"form-submit"[31m
        [33mtype[31m=[32m"submit"[31m
      [36m>[31m
        [0mSubmit[0m
      [36m</button>[31m
    [36m</form>[31m
  [36m</div>[31m
[36m</body>[31m[39m
[90m [2mΓ¥»[22m Object.getElementError node_modules/@testing-library/
react/node_modules/@testing-library/dom/dist/config.js:[2m37:19[22m[3
9m
[90m [2mΓ¥»[22m getAllByLabelText node_modules/@testing-library/react
/node_modules/@testing-library/dom/dist/queries/label-text.js:[2m111:38
[22m[39m
[90m [2mΓ¥»[22m node_modules/@testing-library/react/node_modules/@tes
ting-library/dom/dist/query-helpers.js:[2m52:17[22m[39m
[90m [2mΓ¥»[22m node_modules/@testing-library/react/node_modules/@tes
ting-library/dom/dist/query-helpers.js:[2m95:19[22m[39m
[36m [2mΓ¥»[22m 
src/shared/DynamicForm/DynamicForm.test.jsx:[2m900:44[22m[39m
    [90m898| [39m      [35mawait[39m userEvent[33m.[39m[34mtype[
39m(screen[33m.[39m[34mgetByPlaceholderText[39m([32m'Email'[39m)[
33m,[39m [32m'john[39mΓÇª
    [90m899| [39m      [35mawait[39m userEvent[33m.[39m[34mtype[
39m(screen[33m.[39m[34mgetByPlaceholderText[39m([32m'Age'[39m)[33
m,[39m [32m'25'[39m)
    [90m900| [39m      [35mawait[39m userEvent[33m.[39m[34mselect
Options[39m(screen[33m.[39m[34mgetByLabelText[39m([32m'Program'[3
9m)[33m,[39m ΓÇª
    [90m   | [39m                                           
[31m^[39m
    [90m901| [39m
    [90m902| [39m      [90m// Wait for level field to appear[39m

[31m[2mΓÄ»ΓÄ»ΓÄ»ΓÄ»ΓÄ»ΓÄ»ΓÄ»ΓÄ»ΓÄ»ΓÄ»ΓÄ»ΓÄ»ΓÄ»ΓÄ»ΓÄ»ΓÄ»ΓÄ»ΓÄ»ΓÄ»ΓÄ»ΓÄ»
ΓÄ»ΓÄ»ΓÄ»[3/3]ΓÄ»[22m[39m

[2m   Duration [22m 9.64s[2m (transform 221ms, setup 303ms, collect 1.05s, tests 5.46s, environment 1.78s, prepare 388ms)[22m

